I'm sorry, but errors were detected in your script. Please correct the
errors listed below, and try again.


File "game/script.rpy", line 93: end of line expected.
    music "jobisahealer-run-487747.mp3" fadein 0.5
                                        ^

Ren'Py Version: Ren'Py 8.4.1.25072401
Wed Mar 25 18:33:19 2026
